=======================================
     EQSP Performance Benchmarks       
=======================================


--- Running eq_regions benchmark ---
Running Thesis Benchmark for eq_regions: d=[1..2], N=2^[1..18]
Iterations per point: 3
d   | k   | N          |   Mean Time (s)
---------------------------------------------
Warming up...
1   | 1   | 2          |        0.000060
1   | 2   | 4          |        0.000070
1   | 3   | 8          |        0.000028
1   | 4   | 16         |        0.000018
1   | 5   | 32         |        0.000017
1   | 6   | 64         |        0.000016
1   | 7   | 128        |        0.000017
1   | 8   | 256        |        0.000019
1   | 9   | 512        |        0.000020
1   | 10  | 1024       |        0.000028
1   | 11  | 2048       |        0.000031
1   | 12  | 4096       |        0.000057
1   | 13  | 8192       |        0.000080
1   | 14  | 16384      |        0.000148
1   | 15  | 32768      |        0.000291
1   | 16  | 65536      |        0.000466
1   | 17  | 131072     |        0.001283
1   | 18  | 262144     |        0.001638
2   | 1   | 2          |        0.000066
2   | 2   | 4          |        0.000057
2   | 3   | 8          |        0.000052
2   | 4   | 16         |        0.000075
2   | 5   | 32         |        0.000117
2   | 6   | 64         |        0.000170
2   | 7   | 128        |        0.000202
2   | 8   | 256        |        0.000313
2   | 9   | 512        |        0.000517
2   | 10  | 1024       |        0.000790
2   | 11  | 2048       |        0.001658
2   | 12  | 4096       |        0.002299
2   | 13  | 8192       |        0.003781
2   | 14  | 16384      |        0.006674
2   | 15  | 32768      |        0.014754
2   | 16  | 65536      |        0.030188
2   | 17  | 131072     |        0.046606
2   | 18  | 262144     |        0.065870

Scaling Analysis (t ~ N^x) for eq_regions:
Dimension 1 : x = 0.7941 (Thesis baseline: ~0.60)
Dimension 2 : x = 0.8227 (Thesis baseline: ~0.60)

Total benchmark wall time: 0.54 seconds

--- Running eq_area_error benchmark ---
N range         |   Time (s)
----------------------------
1-3000          |     2.0866
3001-6000       |     4.8791
6001-9000       |     7.4139
9001-12000      |     9.5900
12001-15000     |    11.8305

--- Running eq_energy_dist benchmark ---
N range         |   Time (s)
----------------------------
1-480           |     1.7455
481-960         |     9.2098
961-1440        |    19.6791
1441-1920       |    33.7868
1921-2400       |    49.7629

--- Running eq_min_dist benchmark ---
Testing eq_min_dist: dim=2, N=1..3200 (step 1)
N range         |   Time (s)
----------------------------
1-640           |     1.3250
641-1280        |     7.2060
1281-1920       |    18.1370
1921-2560       |    33.9081
2561-3200       |    54.7952

--- Running eq_histograms benchmark ---
Testing eq_find_s2_region: 1000 regions, 2e+08 points
Generating 1000000 test points...
Processed 1000000 points in 12.9410 seconds (scaled to 2e+08 points: 2588.1936 seconds)
Throughput: 77274 points/sec

--- Running sradius benchmark ---
Testing sradius_of_cap: dim=3, 1e+08 calls
Processed 10000 calls in 0.6958 seconds (scaled to 1e+08 calls: 6958.0700 seconds)
Throughput: 14371.8 calls/sec

=======================================
Total benchmark time: 279.63 seconds
=======================================
