=======================================
    MATLAB EQSP Performance Benchmarks 
=======================================

Hardware: AMD Ryzen 7 8840HS w/ Radeon 780M Graphics (~2.4 GHz)
OS:       Linux
Software: MATLAB R2023b


Running benchmark: eq_area_error
N               |   Time (s)
----------------------------
100             |     0.0007
200             |     0.0021
500             |     0.0011
1000            |     0.0020
2000            |     0.0035
5000            |     0.0048
10000           |     0.0084
20000           |     0.0141
50000           |     0.0260
100000          |     0.0470
200000          |     0.0805
500000          |     0.1638
1000000         |     0.2474
2000000         |     0.4581
5000000         |     1.1537
10000000        |     2.2133
20000000        |     4.3984
50000000        |    10.9021
Best fitting order: O(N^0.72)

Running benchmark: eq_regions
N               |   Time (s)
----------------------------
100             |     0.0003
200             |     0.0007
500             |     0.0005
1000            |     0.0006
2000            |     0.0010
5000            |     0.0021
10000           |     0.0032
20000           |     0.0056
50000           |     0.0127
100000          |     0.0256
200000          |     0.0450
500000          |     0.1081
1000000         |     0.2112
2000000         |     0.4437
5000000         |     1.1034
10000000        |     2.1862
20000000        |     4.3580
50000000        |    10.7292
100000000       |    21.5582
Best fitting order: O(N^0.84)

Running benchmark: eq_find_s2_region
Points          |   Time (s)
----------------------------
100             |     0.0024
200             |     0.0063
500             |     0.0083
1000            |     0.0182
2000            |     0.0329
5000            |     0.0770
10000           |     0.1433
20000           |     0.2885
50000           |     0.7139
100000          |     1.4251
200000          |     2.8503
500000          |     7.1192
1000000         |    14.2445
2000000         |    28.3221
Best fitting order: O(N^0.94)

Running benchmark: sradius_of_cap
Size            |   Time (s)
----------------------------
100             |     0.0042
200             |     0.0087
500             |     0.0191
1000            |     0.0374
2000            |     0.0749
5000            |     0.1827
10000           |     0.3636
20000           |     0.7252
50000           |     1.8037
100000          |     3.6026
200000          |     7.2042
500000          |    18.0263
1000000         |    35.9061
Best fitting order: O(N^0.98)

Running benchmark: eq_min_dist
N               |   Time (s)
----------------------------
100             |     0.0005
200             |     0.0014
500             |     0.0037
1000            |     0.0120
2000            |     0.0441
5000            |     0.2468
10000           |     1.0160
20000           |     3.9749
50000           |    23.8776
Best fitting order: O(N^1.75)

Running benchmark: point_set_energy_dist
N               |   Time (s)
----------------------------
100             |     0.0009
200             |     0.0026
500             |     0.0107
1000            |     0.0329
2000            |     0.0892
5000            |     0.4290
10000           |     1.5045
20000           |     5.7364
50000           |    32.9970
Best fitting order: O(N^1.68)

=======================================
Total benchmark time: 254.01 seconds
=======================================
