=======================================
    MATLAB EQSP Performance Benchmarks 
=======================================

Hardware: AMD Ryzen 7 8840HS w/ Radeon 780M Graphics (~2.4 GHz)
OS:       Linux
Software: MATLAB R2023b


Running benchmark: eq_area_error
N               |   Time (s)
----------------------------
100             |     0.0006
200             |     0.0026
500             |     0.0018
1000            |     0.0024
2000            |     0.0047
5000            |     0.0117
10000           |     0.0227
20000           |     0.0430
50000           |     0.1274
100000          |     0.1758
200000          |     0.2680
500000          |     0.6265
1000000         |     1.2302
2000000         |     2.4824
5000000         |     6.1313
10000000        |    12.2986
Best fitting order: O(N^0.85)

Running benchmark: eq_regions
N               |   Time (s)
----------------------------
100             |     0.0003
200             |     0.0007
500             |     0.0005
1000            |     0.0007
2000            |     0.0010
5000            |     0.0018
10000           |     0.0031
20000           |     0.0055
50000           |     0.0121
100000          |     0.0229
200000          |     0.0471
500000          |     0.1091
1000000         |     0.2079
2000000         |     0.4280
5000000         |     1.0373
10000000        |     2.0783
20000000        |     4.0325
50000000        |    10.1278
100000000       |    20.0098
Best fitting order: O(N^0.83)

Running benchmark: eq_find_s2_region
Points          |   Time (s)
----------------------------
100             |     0.0010
200             |     0.0020
500             |     0.0021
1000            |     0.0035
2000            |     0.0065
5000            |     0.0147
10000           |     0.0300
20000           |     0.0571
50000           |     0.1482
100000          |     0.2955
200000          |     0.5728
500000          |     1.4153
1000000         |     2.8248
2000000         |     5.6350
5000000         |    14.1335
Best fitting order: O(N^0.91)

Running benchmark: sradius_of_cap
Size            |   Time (s)
----------------------------
100             |     0.0038
200             |     0.0081
500             |     0.0181
1000            |     0.0366
2000            |     0.0774
5000            |     0.1849
10000           |     0.3656
20000           |     0.7208
50000           |     1.7973
100000          |     3.5718
200000          |     7.1499
500000          |    17.9701
Best fitting order: O(N^0.99)

Running benchmark: eq_min_dist
N               |   Time (s)
----------------------------
100             |     0.0005
200             |     0.0013
500             |     0.0036
1000            |     0.0115
2000            |     0.0418
5000            |     0.2619
10000           |     0.9778
20000           |     3.9977
50000           |    24.0301
Best fitting order: O(N^1.76)

Running benchmark: point_set_energy_dist
N               |   Time (s)
----------------------------
100             |     0.0009
200             |     0.0026
500             |     0.0106
1000            |     0.0301
2000            |     0.0996
5000            |     0.4520
10000           |     1.5730
20000           |     5.8149
50000           |    33.3722
Best fitting order: O(N^1.69)

=======================================
Total benchmark time: 189.54 seconds
=======================================
