=======================================
     EQSP Performance Benchmarks       
=======================================


--- Running eq_regions benchmark ---
Running Thesis Benchmark for eq_regions: d=[1..2], N=2^[1..18]
Iterations per point: 3
d   | k   | N          |   Mean Time (s)
---------------------------------------------
Warming up...
1   | 1   | 2          |        0.000014
1   | 2   | 4          |        0.000013
1   | 3   | 8          |        0.000011
1   | 4   | 16         |        0.000012
1   | 5   | 32         |        0.000011
1   | 6   | 64         |        0.000012
1   | 7   | 128        |        0.000012
1   | 8   | 256        |        0.000021
1   | 9   | 512        |        0.000015
1   | 10  | 1024       |        0.000017
1   | 11  | 2048       |        0.000024
1   | 12  | 4096       |        0.000051
1   | 13  | 8192       |        0.000077
1   | 14  | 16384      |        0.000138
1   | 15  | 32768      |        0.000243
1   | 16  | 65536      |        0.000410
1   | 17  | 131072     |        0.001190
1   | 18  | 262144     |        0.001569
2   | 1   | 2          |        0.000056
2   | 2   | 4          |        0.000053
2   | 3   | 8          |        0.000044
2   | 4   | 16         |        0.000063
2   | 5   | 32         |        0.000112
2   | 6   | 64         |        0.000165
2   | 7   | 128        |        0.000202
2   | 8   | 256        |        0.000307
2   | 9   | 512        |        0.000495
2   | 10  | 1024       |        0.000755
2   | 11  | 2048       |        0.001385
2   | 12  | 4096       |        0.003399
2   | 13  | 8192       |        0.005355
2   | 14  | 16384      |        0.008161
2   | 15  | 32768      |        0.013772
2   | 16  | 65536      |        0.025532
2   | 17  | 131072     |        0.036628
2   | 18  | 262144     |        0.061578

Scaling Analysis (t ~ N^x) for eq_regions:
Dimension 1 : x = 0.8415 (Thesis baseline: ~0.60)
Dimension 2 : x = 0.7792 (Thesis baseline: ~0.60)

Total benchmark wall time: 0.49 seconds

--- Running eq_area_error benchmark ---
N range         |   Time (s)
----------------------------
1-3000          |     2.0367
3001-6000       |     4.7497
6001-9000       |     7.1624
9001-12000      |     9.3658
12001-15000     |    11.5531

--- Running eq_energy_dist benchmark ---
N range         |   Time (s)
----------------------------
1-480           |     1.7108
481-960         |     9.1332
961-1440        |    19.2008
1441-1920       |    32.4382
1921-2400       |    49.5356

--- Running eq_min_dist benchmark ---
Testing eq_min_dist: dim=2, N=1..3200 (step 1)
N range         |   Time (s)
----------------------------
1-640           |     1.3282
641-1280        |     7.1579
1281-1920       |    17.9204
1921-2560       |    33.6615
2561-3200       |    54.6531

--- Running eq_histograms benchmark ---
Testing eq_find_s2_region: 1000 regions, 2e+08 points
Generating 1000000 test points...
Processed 1000000 points in 14.8861 seconds (scaled to 2e+08 points: 2977.2124 seconds)
Throughput: 67176.9 points/sec

--- Running sradius benchmark ---
Testing sradius_of_cap: dim=3, 1e+08 calls
Processed 10000 calls in 0.6778 seconds (scaled to 1e+08 calls: 6777.7300 seconds)
Throughput: 14754.2 calls/sec

=======================================
Total benchmark time: 277.69 seconds
=======================================
